
> astrobsm-stockmaster-frontend@0.1.0 build
> react-scripts build

Creating an optimized production build...
Compiled successfully.

File sizes after gzip:

  75.54 kB  build\static\js\main.e3984484.js
  13.89 kB  build\static\css\main.f73ce5ab.css

The project was built assuming it is hosted at /.
You can control this with the homepage field in your package.json.

The build folder is ready to be deployed.
You may serve it with a static server:

  serve -s build

Find out more about deployment here:

  https://cra.link/deployment

